[]models.Book{
	{
		ID:    1,
		Title: "Book 1",
		Authors: []models.Author{{
			ID:   1,
			Name: "Author 1",
		}},
	},
	{
		ID:    2,
		Title: "Book 2",
		Authors: []models.Author{
			{
				ID:   1,
				Name: "Author 1",
			},
			{
				ID:   2,
				Name: "Author 2",
			},
		},
	},
}
