[]models.Author{
	{
		ID:   1,
		Name: "Author 1",
	},
	{
		ID:   2,
		Name: "Author 2",
	},
	{
		ID:   3,
		Name: "Author 3",
	},
}
