[]sqlc.BooksListRow{
	{
		ID:    1,
		Title: "Book 1",
		ID_2:  1,
		Name:  "Author 1",
	},
	{
		ID:    2,
		Title: "Book 2",
		ID_2:  1,
		Name:  "Author 1",
	},
	{
		ID:    2,
		Title: "Book 2",
		ID_2:  2,
		Name:  "Author 2",
	},
	{
		ID:    3,
		Title: "Book 3",
		ID_2:  3,
		Name:  "Author 3",
	},
}
